[2020-03-10T14:10:12.013-0600][gc,heap] Heap region size: 1M
[2020-03-10T14:10:12.024-0600][gc     ] Using G1
[2020-03-10T14:10:12.024-0600][gc,heap,coops] Heap address: 0x00000000c0000000, size: 1024 MB, Compressed Oops mode: 32-bit
[2020-03-10T14:10:12.752-0600][gc,start     ] GC(0) Pause Young (Normal) (G1 Evacuation Pause)
[2020-03-10T14:10:12.753-0600][gc,task      ] GC(0) Using 8 workers of 8 for evacuation
[2020-03-10T14:10:12.756-0600][gc,phases    ] GC(0)   Pre Evacuate Collection Set: 0.0ms
[2020-03-10T14:10:12.756-0600][gc,phases    ] GC(0)   Evacuate Collection Set: 2.7ms
[2020-03-10T14:10:12.756-0600][gc,phases    ] GC(0)   Post Evacuate Collection Set: 0.4ms
[2020-03-10T14:10:12.756-0600][gc,phases    ] GC(0)   Other: 0.9ms
[2020-03-10T14:10:12.756-0600][gc,heap      ] GC(0) Eden regions: 51->0(44)
[2020-03-10T14:10:12.756-0600][gc,heap      ] GC(0) Survivor regions: 0->7(7)
[2020-03-10T14:10:12.756-0600][gc,heap      ] GC(0) Old regions: 0->1
[2020-03-10T14:10:12.756-0600][gc,heap      ] GC(0) Humongous regions: 0->0
[2020-03-10T14:10:12.756-0600][gc,metaspace ] GC(0) Metaspace: 15892K->15892K(1062912K)
[2020-03-10T14:10:12.756-0600][gc           ] GC(0) Pause Young (Normal) (G1 Evacuation Pause) 51M->7M(1024M) 4.122ms
[2020-03-10T14:10:12.756-0600][gc,cpu       ] GC(0) User=0.02s Sys=0.00s Real=0.01s
[2020-03-10T14:10:12.971-0600][gc,start     ] GC(1) Pause Young (Concurrent Start) (Metadata GC Threshold)
[2020-03-10T14:10:12.971-0600][gc,task      ] GC(1) Using 8 workers of 8 for evacuation
[2020-03-10T14:10:12.976-0600][gc,phases    ] GC(1)   Pre Evacuate Collection Set: 0.1ms
[2020-03-10T14:10:12.976-0600][gc,phases    ] GC(1)   Evacuate Collection Set: 4.5ms
[2020-03-10T14:10:12.976-0600][gc,phases    ] GC(1)   Post Evacuate Collection Set: 0.4ms
[2020-03-10T14:10:12.976-0600][gc,phases    ] GC(1)   Other: 0.2ms
[2020-03-10T14:10:12.976-0600][gc,heap      ] GC(1) Eden regions: 20->0(49)
[2020-03-10T14:10:12.976-0600][gc,heap      ] GC(1) Survivor regions: 7->2(7)
[2020-03-10T14:10:12.976-0600][gc,heap      ] GC(1) Old regions: 1->7
[2020-03-10T14:10:12.976-0600][gc,heap      ] GC(1) Humongous regions: 129->129
[2020-03-10T14:10:12.976-0600][gc,metaspace ] GC(1) Metaspace: 20477K->20477K(1067008K)
[2020-03-10T14:10:12.976-0600][gc           ] GC(1) Pause Young (Concurrent Start) (Metadata GC Threshold) 155M->137M(1024M) 5.124ms
[2020-03-10T14:10:12.976-0600][gc,cpu       ] GC(1) User=0.02s Sys=0.00s Real=0.01s
[2020-03-10T14:10:12.976-0600][gc           ] GC(2) Concurrent Cycle
[2020-03-10T14:10:12.976-0600][gc,marking   ] GC(2) Concurrent Clear Claimed Marks
[2020-03-10T14:10:12.976-0600][gc,marking   ] GC(2) Concurrent Clear Claimed Marks 0.012ms
[2020-03-10T14:10:12.976-0600][gc,marking   ] GC(2) Concurrent Scan Root Regions
[2020-03-10T14:10:12.976-0600][gc,marking   ] GC(2) Concurrent Scan Root Regions 0.572ms
[2020-03-10T14:10:12.976-0600][gc,marking   ] GC(2) Concurrent Mark (0.967s)
[2020-03-10T14:10:12.976-0600][gc,marking   ] GC(2) Concurrent Mark From Roots
[2020-03-10T14:10:12.976-0600][gc,task      ] GC(2) Using 2 workers of 2 for marking
[2020-03-10T14:10:12.983-0600][gc,marking   ] GC(2) Concurrent Mark From Roots 6.780ms
[2020-03-10T14:10:12.983-0600][gc,marking   ] GC(2) Concurrent Preclean
[2020-03-10T14:10:12.983-0600][gc,marking   ] GC(2) Concurrent Preclean 0.100ms
[2020-03-10T14:10:12.983-0600][gc,marking   ] GC(2) Concurrent Mark (0.967s, 0.974s) 6.906ms
[2020-03-10T14:10:12.983-0600][gc,start     ] GC(2) Pause Remark
[2020-03-10T14:10:12.985-0600][gc,stringtable] GC(2) Cleaned string and symbol table, strings: 9072 processed, 0 removed, symbols: 49964 processed, 48 removed
[2020-03-10T14:10:12.985-0600][gc            ] GC(2) Pause Remark 138M->138M(1024M) 1.569ms
[2020-03-10T14:10:12.985-0600][gc,cpu        ] GC(2) User=0.00s Sys=0.00s Real=0.00s
[2020-03-10T14:10:12.985-0600][gc,marking    ] GC(2) Concurrent Rebuild Remembered Sets
[2020-03-10T14:10:12.988-0600][gc,marking    ] GC(2) Concurrent Rebuild Remembered Sets 2.679ms
[2020-03-10T14:10:12.988-0600][gc,start      ] GC(2) Pause Cleanup
[2020-03-10T14:10:12.988-0600][gc            ] GC(2) Pause Cleanup 139M->139M(1024M) 0.240ms
[2020-03-10T14:10:12.988-0600][gc,cpu        ] GC(2) User=0.00s Sys=0.00s Real=0.00s
[2020-03-10T14:10:12.988-0600][gc,marking    ] GC(2) Concurrent Cleanup for Next Mark
[2020-03-10T14:10:12.991-0600][gc,marking    ] GC(2) Concurrent Cleanup for Next Mark 2.894ms
[2020-03-10T14:10:12.991-0600][gc            ] GC(2) Concurrent Cycle 15.165ms
[2020-03-10T14:10:13.404-0600][gc,start      ] GC(3) Pause Young (Normal) (G1 Evacuation Pause)
[2020-03-10T14:10:13.405-0600][gc,task       ] GC(3) Using 8 workers of 8 for evacuation
[2020-03-10T14:10:13.408-0600][gc,phases     ] GC(3)   Pre Evacuate Collection Set: 0.0ms
[2020-03-10T14:10:13.408-0600][gc,phases     ] GC(3)   Evacuate Collection Set: 2.9ms
[2020-03-10T14:10:13.408-0600][gc,phases     ] GC(3)   Post Evacuate Collection Set: 0.3ms
[2020-03-10T14:10:13.408-0600][gc,phases     ] GC(3)   Other: 0.1ms
[2020-03-10T14:10:13.408-0600][gc,heap       ] GC(3) Eden regions: 49->0(46)
[2020-03-10T14:10:13.408-0600][gc,heap       ] GC(3) Survivor regions: 2->5(7)
[2020-03-10T14:10:13.408-0600][gc,heap       ] GC(3) Old regions: 7->7
[2020-03-10T14:10:13.408-0600][gc,heap       ] GC(3) Humongous regions: 129->129
[2020-03-10T14:10:13.408-0600][gc,metaspace  ] GC(3) Metaspace: 29955K->29955K(1077248K)
[2020-03-10T14:10:13.408-0600][gc            ] GC(3) Pause Young (Normal) (G1 Evacuation Pause) 186M->140M(1024M) 3.440ms
[2020-03-10T14:10:13.408-0600][gc,cpu        ] GC(3) User=0.03s Sys=0.00s Real=0.00s
[2020-03-10T14:12:36.277-0600][gc,start      ] GC(4) Pause Young (Concurrent Start) (Metadata GC Threshold)
[2020-03-10T14:12:36.277-0600][gc,task       ] GC(4) Using 8 workers of 8 for evacuation
[2020-03-10T14:12:36.283-0600][gc,phases     ] GC(4)   Pre Evacuate Collection Set: 0.1ms
[2020-03-10T14:12:36.283-0600][gc,phases     ] GC(4)   Evacuate Collection Set: 5.2ms
[2020-03-10T14:12:36.283-0600][gc,phases     ] GC(4)   Post Evacuate Collection Set: 0.4ms
[2020-03-10T14:12:36.283-0600][gc,phases     ] GC(4)   Other: 0.2ms
[2020-03-10T14:12:36.283-0600][gc,heap       ] GC(4) Eden regions: 22->0(49)
[2020-03-10T14:12:36.283-0600][gc,heap       ] GC(4) Survivor regions: 5->2(7)
[2020-03-10T14:12:36.283-0600][gc,heap       ] GC(4) Old regions: 7->12
[2020-03-10T14:12:36.283-0600][gc,heap       ] GC(4) Humongous regions: 129->129
[2020-03-10T14:12:36.283-0600][gc,metaspace  ] GC(4) Metaspace: 34336K->34336K(1079296K)
[2020-03-10T14:12:36.283-0600][gc            ] GC(4) Pause Young (Concurrent Start) (Metadata GC Threshold) 162M->141M(1024M) 5.985ms
[2020-03-10T14:12:36.283-0600][gc,cpu        ] GC(4) User=0.02s Sys=0.00s Real=0.01s
[2020-03-10T14:12:36.283-0600][gc            ] GC(5) Concurrent Cycle
[2020-03-10T14:12:36.283-0600][gc,marking    ] GC(5) Concurrent Clear Claimed Marks
[2020-03-10T14:12:36.283-0600][gc,marking    ] GC(5) Concurrent Clear Claimed Marks 0.056ms
[2020-03-10T14:12:36.283-0600][gc,marking    ] GC(5) Concurrent Scan Root Regions
[2020-03-10T14:12:36.284-0600][gc,marking    ] GC(5) Concurrent Scan Root Regions 0.692ms
[2020-03-10T14:12:36.284-0600][gc,marking    ] GC(5) Concurrent Mark (144.274s)
[2020-03-10T14:12:36.284-0600][gc,marking    ] GC(5) Concurrent Mark From Roots
[2020-03-10T14:12:36.284-0600][gc,task       ] GC(5) Using 2 workers of 2 for marking
[2020-03-10T14:12:36.293-0600][gc,marking    ] GC(5) Concurrent Mark From Roots 9.121ms
[2020-03-10T14:12:36.293-0600][gc,marking    ] GC(5) Concurrent Preclean
[2020-03-10T14:12:36.293-0600][gc,marking    ] GC(5) Concurrent Preclean 0.130ms
[2020-03-10T14:12:36.293-0600][gc,marking    ] GC(5) Concurrent Mark (144.274s, 144.284s) 9.289ms
[2020-03-10T14:12:36.293-0600][gc,start      ] GC(5) Pause Remark
[2020-03-10T14:12:36.295-0600][gc,stringtable] GC(5) Cleaned string and symbol table, strings: 14871 processed, 9 removed, symbols: 78508 processed, 32 removed
[2020-03-10T14:12:36.296-0600][gc            ] GC(5) Pause Remark 142M->142M(1024M) 2.090ms
[2020-03-10T14:12:36.296-0600][gc,cpu        ] GC(5) User=0.01s Sys=0.01s Real=0.00s
[2020-03-10T14:12:36.296-0600][gc,marking    ] GC(5) Concurrent Rebuild Remembered Sets
[2020-03-10T14:12:36.301-0600][gc,marking    ] GC(5) Concurrent Rebuild Remembered Sets 4.965ms
[2020-03-10T14:12:36.301-0600][gc,start      ] GC(5) Pause Cleanup
[2020-03-10T14:12:36.301-0600][gc            ] GC(5) Pause Cleanup 142M->142M(1024M) 0.191ms
[2020-03-10T14:12:36.301-0600][gc,cpu        ] GC(5) User=0.00s Sys=0.00s Real=0.00s
[2020-03-10T14:12:36.301-0600][gc,marking    ] GC(5) Concurrent Cleanup for Next Mark
[2020-03-10T14:12:36.304-0600][gc,marking    ] GC(5) Concurrent Cleanup for Next Mark 3.417ms
[2020-03-10T14:12:36.304-0600][gc            ] GC(5) Concurrent Cycle 21.074ms
