[2020-03-10T14:10:34.931-0600][gc,heap] Heap region size: 1M
[2020-03-10T14:10:34.945-0600][gc     ] Using G1
[2020-03-10T14:10:34.945-0600][gc,heap,coops] Heap address: 0x00000000c0000000, size: 1024 MB, Compressed Oops mode: 32-bit
[2020-03-10T14:10:35.642-0600][gc,start     ] GC(0) Pause Young (Normal) (G1 Evacuation Pause)
[2020-03-10T14:10:35.643-0600][gc,task      ] GC(0) Using 8 workers of 8 for evacuation
[2020-03-10T14:10:35.646-0600][gc,phases    ] GC(0)   Pre Evacuate Collection Set: 0.0ms
[2020-03-10T14:10:35.646-0600][gc,phases    ] GC(0)   Evacuate Collection Set: 2.6ms
[2020-03-10T14:10:35.646-0600][gc,phases    ] GC(0)   Post Evacuate Collection Set: 0.4ms
[2020-03-10T14:10:35.646-0600][gc,phases    ] GC(0)   Other: 0.8ms
[2020-03-10T14:10:35.646-0600][gc,heap      ] GC(0) Eden regions: 51->0(44)
[2020-03-10T14:10:35.646-0600][gc,heap      ] GC(0) Survivor regions: 0->7(7)
[2020-03-10T14:10:35.646-0600][gc,heap      ] GC(0) Old regions: 0->0
[2020-03-10T14:10:35.646-0600][gc,heap      ] GC(0) Humongous regions: 0->0
[2020-03-10T14:10:35.646-0600][gc,metaspace ] GC(0) Metaspace: 15877K->15877K(1062912K)
[2020-03-10T14:10:35.646-0600][gc           ] GC(0) Pause Young (Normal) (G1 Evacuation Pause) 51M->6M(1024M) 3.904ms
[2020-03-10T14:10:35.646-0600][gc,cpu       ] GC(0) User=0.02s Sys=0.00s Real=0.00s
[2020-03-10T14:10:35.866-0600][gc,start     ] GC(1) Pause Young (Concurrent Start) (GCLocker Initiated GC)
[2020-03-10T14:10:35.866-0600][gc,task      ] GC(1) Using 8 workers of 8 for evacuation
[2020-03-10T14:10:35.871-0600][gc,phases    ] GC(1)   Pre Evacuate Collection Set: 0.0ms
[2020-03-10T14:10:35.871-0600][gc,phases    ] GC(1)   Evacuate Collection Set: 4.5ms
[2020-03-10T14:10:35.871-0600][gc,phases    ] GC(1)   Post Evacuate Collection Set: 0.4ms
[2020-03-10T14:10:35.871-0600][gc,phases    ] GC(1)   Other: 0.2ms
[2020-03-10T14:10:35.871-0600][gc,heap      ] GC(1) Eden regions: 20->0(49)
[2020-03-10T14:10:35.871-0600][gc,heap      ] GC(1) Survivor regions: 7->2(7)
[2020-03-10T14:10:35.871-0600][gc,heap      ] GC(1) Old regions: 0->7
[2020-03-10T14:10:35.871-0600][gc,heap      ] GC(1) Humongous regions: 129->129
[2020-03-10T14:10:35.871-0600][gc,metaspace ] GC(1) Metaspace: 20556K->20556K(1067008K)
[2020-03-10T14:10:35.871-0600][gc           ] GC(1) Pause Young (Concurrent Start) (GCLocker Initiated GC) 155M->137M(1024M) 5.161ms
[2020-03-10T14:10:35.871-0600][gc,cpu       ] GC(1) User=0.02s Sys=0.00s Real=0.00s
[2020-03-10T14:10:35.871-0600][gc           ] GC(2) Concurrent Cycle
[2020-03-10T14:10:35.871-0600][gc,marking   ] GC(2) Concurrent Clear Claimed Marks
[2020-03-10T14:10:35.871-0600][gc,marking   ] GC(2) Concurrent Clear Claimed Marks 0.011ms
[2020-03-10T14:10:35.871-0600][gc,marking   ] GC(2) Concurrent Scan Root Regions
[2020-03-10T14:10:35.872-0600][gc,marking   ] GC(2) Concurrent Scan Root Regions 0.565ms
[2020-03-10T14:10:35.872-0600][gc,marking   ] GC(2) Concurrent Mark (0.946s)
[2020-03-10T14:10:35.872-0600][gc,marking   ] GC(2) Concurrent Mark From Roots
[2020-03-10T14:10:35.872-0600][gc,task      ] GC(2) Using 2 workers of 2 for marking
[2020-03-10T14:10:35.878-0600][gc,marking   ] GC(2) Concurrent Mark From Roots 6.157ms
[2020-03-10T14:10:35.878-0600][gc,marking   ] GC(2) Concurrent Preclean
[2020-03-10T14:10:35.878-0600][gc,marking   ] GC(2) Concurrent Preclean 0.094ms
[2020-03-10T14:10:35.878-0600][gc,marking   ] GC(2) Concurrent Mark (0.946s, 0.952s) 6.277ms
[2020-03-10T14:10:35.878-0600][gc,start     ] GC(2) Pause Remark
[2020-03-10T14:10:35.879-0600][gc,stringtable] GC(2) Cleaned string and symbol table, strings: 9095 processed, 0 removed, symbols: 50038 processed, 48 removed
[2020-03-10T14:10:35.879-0600][gc            ] GC(2) Pause Remark 138M->138M(1024M) 1.138ms
[2020-03-10T14:10:35.879-0600][gc,cpu        ] GC(2) User=0.01s Sys=0.00s Real=0.00s
[2020-03-10T14:10:35.879-0600][gc,marking    ] GC(2) Concurrent Rebuild Remembered Sets
[2020-03-10T14:10:35.881-0600][gc,marking    ] GC(2) Concurrent Rebuild Remembered Sets 1.806ms
[2020-03-10T14:10:35.881-0600][gc,start      ] GC(2) Pause Cleanup
[2020-03-10T14:10:35.881-0600][gc            ] GC(2) Pause Cleanup 139M->139M(1024M) 0.117ms
[2020-03-10T14:10:35.881-0600][gc,cpu        ] GC(2) User=0.00s Sys=0.00s Real=0.01s
[2020-03-10T14:10:35.881-0600][gc,marking    ] GC(2) Concurrent Cleanup for Next Mark
[2020-03-10T14:10:35.884-0600][gc,marking    ] GC(2) Concurrent Cleanup for Next Mark 2.649ms
[2020-03-10T14:10:35.884-0600][gc            ] GC(2) Concurrent Cycle 12.894ms
[2020-03-10T14:10:36.305-0600][gc,start      ] GC(3) Pause Young (Concurrent Start) (G1 Evacuation Pause)
[2020-03-10T14:10:36.305-0600][gc,task       ] GC(3) Using 8 workers of 8 for evacuation
[2020-03-10T14:10:36.311-0600][gc,phases     ] GC(3)   Pre Evacuate Collection Set: 0.1ms
[2020-03-10T14:10:36.311-0600][gc,phases     ] GC(3)   Evacuate Collection Set: 4.5ms
[2020-03-10T14:10:36.311-0600][gc,phases     ] GC(3)   Post Evacuate Collection Set: 0.3ms
[2020-03-10T14:10:36.311-0600][gc,phases     ] GC(3)   Other: 0.2ms
[2020-03-10T14:10:36.311-0600][gc,heap       ] GC(3) Eden regions: 49->0(46)
[2020-03-10T14:10:36.311-0600][gc,heap       ] GC(3) Survivor regions: 2->5(7)
[2020-03-10T14:10:36.311-0600][gc,heap       ] GC(3) Old regions: 7->7
[2020-03-10T14:10:36.311-0600][gc,heap       ] GC(3) Humongous regions: 129->129
[2020-03-10T14:10:36.311-0600][gc,metaspace  ] GC(3) Metaspace: 29927K->29927K(1077248K)
[2020-03-10T14:10:36.311-0600][gc            ] GC(3) Pause Young (Concurrent Start) (G1 Evacuation Pause) 186M->140M(1024M) 5.141ms
[2020-03-10T14:10:36.311-0600][gc,cpu        ] GC(3) User=0.03s Sys=0.00s Real=0.00s
[2020-03-10T14:10:36.311-0600][gc            ] GC(4) Concurrent Cycle
[2020-03-10T14:10:36.311-0600][gc,marking    ] GC(4) Concurrent Clear Claimed Marks
[2020-03-10T14:10:36.311-0600][gc,marking    ] GC(4) Concurrent Clear Claimed Marks 0.053ms
[2020-03-10T14:10:36.311-0600][gc,marking    ] GC(4) Concurrent Scan Root Regions
[2020-03-10T14:10:36.312-0600][gc,marking    ] GC(4) Concurrent Scan Root Regions 1.631ms
[2020-03-10T14:10:36.312-0600][gc,marking    ] GC(4) Concurrent Mark (1.386s)
[2020-03-10T14:10:36.312-0600][gc,marking    ] GC(4) Concurrent Mark From Roots
[2020-03-10T14:10:36.312-0600][gc,task       ] GC(4) Using 2 workers of 2 for marking
[2020-03-10T14:10:36.318-0600][gc,marking    ] GC(4) Concurrent Mark From Roots 5.968ms
[2020-03-10T14:10:36.318-0600][gc,marking    ] GC(4) Concurrent Preclean
[2020-03-10T14:10:36.319-0600][gc,marking    ] GC(4) Concurrent Preclean 0.131ms
[2020-03-10T14:10:36.319-0600][gc,marking    ] GC(4) Concurrent Mark (1.386s, 1.393s) 6.141ms
[2020-03-10T14:10:36.319-0600][gc,start      ] GC(4) Pause Remark
[2020-03-10T14:10:36.323-0600][gc,stringtable] GC(4) Cleaned string and symbol table, strings: 14241 processed, 9 removed, symbols: 73232 processed, 29 removed
[2020-03-10T14:10:36.323-0600][gc            ] GC(4) Pause Remark 141M->141M(1024M) 4.047ms
[2020-03-10T14:10:36.323-0600][gc,cpu        ] GC(4) User=0.03s Sys=0.00s Real=0.01s
[2020-03-10T14:10:36.323-0600][gc,marking    ] GC(4) Concurrent Rebuild Remembered Sets
[2020-03-10T14:10:36.326-0600][gc,marking    ] GC(4) Concurrent Rebuild Remembered Sets 3.155ms
[2020-03-10T14:10:36.326-0600][gc,start      ] GC(4) Pause Cleanup
[2020-03-10T14:10:36.326-0600][gc            ] GC(4) Pause Cleanup 141M->141M(1024M) 0.152ms
[2020-03-10T14:10:36.326-0600][gc,cpu        ] GC(4) User=0.00s Sys=0.00s Real=0.00s
[2020-03-10T14:10:36.326-0600][gc,marking    ] GC(4) Concurrent Cleanup for Next Mark
[2020-03-10T14:10:36.330-0600][gc,marking    ] GC(4) Concurrent Cleanup for Next Mark 4.314ms
[2020-03-10T14:10:36.331-0600][gc            ] GC(4) Concurrent Cycle 19.882ms
[2020-03-10T14:15:01.946-0600][gc,start      ] GC(5) Pause Young (Normal) (G1 Evacuation Pause)
[2020-03-10T14:15:01.946-0600][gc,task       ] GC(5) Using 8 workers of 8 for evacuation
[2020-03-10T14:15:01.954-0600][gc,phases     ] GC(5)   Pre Evacuate Collection Set: 0.0ms
[2020-03-10T14:15:01.954-0600][gc,phases     ] GC(5)   Evacuate Collection Set: 6.4ms
[2020-03-10T14:15:01.954-0600][gc,phases     ] GC(5)   Post Evacuate Collection Set: 0.5ms
[2020-03-10T14:15:01.954-0600][gc,phases     ] GC(5)   Other: 0.2ms
[2020-03-10T14:15:01.954-0600][gc,heap       ] GC(5) Eden regions: 46->0(47)
[2020-03-10T14:15:01.954-0600][gc,heap       ] GC(5) Survivor regions: 5->4(7)
[2020-03-10T14:15:01.954-0600][gc,heap       ] GC(5) Old regions: 7->12
[2020-03-10T14:15:01.954-0600][gc,heap       ] GC(5) Humongous regions: 129->129
[2020-03-10T14:15:01.954-0600][gc,metaspace  ] GC(5) Metaspace: 36368K->36368K(1081344K)
[2020-03-10T14:15:01.954-0600][gc            ] GC(5) Pause Young (Normal) (G1 Evacuation Pause) 186M->143M(1024M) 7.237ms
[2020-03-10T14:15:01.954-0600][gc,cpu        ] GC(5) User=0.05s Sys=0.00s Real=0.01s
