[2020-03-10T13:23:39.487-0600][gc,heap] Heap region size: 1M
[2020-03-10T13:23:39.493-0600][gc     ] Using G1
[2020-03-10T13:23:39.493-0600][gc,heap,coops] Heap address: 0x00000000c0000000, size: 1024 MB, Compressed Oops mode: 32-bit
[2020-03-10T13:23:40.251-0600][gc,start     ] GC(0) Pause Young (Normal) (G1 Evacuation Pause)
[2020-03-10T13:23:40.251-0600][gc,task      ] GC(0) Using 8 workers of 8 for evacuation
[2020-03-10T13:23:40.255-0600][gc,phases    ] GC(0)   Pre Evacuate Collection Set: 0.0ms
[2020-03-10T13:23:40.255-0600][gc,phases    ] GC(0)   Evacuate Collection Set: 2.7ms
[2020-03-10T13:23:40.255-0600][gc,phases    ] GC(0)   Post Evacuate Collection Set: 0.4ms
[2020-03-10T13:23:40.255-0600][gc,phases    ] GC(0)   Other: 0.7ms
[2020-03-10T13:23:40.255-0600][gc,heap      ] GC(0) Eden regions: 51->0(44)
[2020-03-10T13:23:40.255-0600][gc,heap      ] GC(0) Survivor regions: 0->7(7)
[2020-03-10T13:23:40.255-0600][gc,heap      ] GC(0) Old regions: 0->0
[2020-03-10T13:23:40.255-0600][gc,heap      ] GC(0) Humongous regions: 0->0
[2020-03-10T13:23:40.255-0600][gc,metaspace ] GC(0) Metaspace: 15878K->15878K(1062912K)
[2020-03-10T13:23:40.255-0600][gc           ] GC(0) Pause Young (Normal) (G1 Evacuation Pause) 51M->6M(1024M) 3.970ms
[2020-03-10T13:23:40.255-0600][gc,cpu       ] GC(0) User=0.02s Sys=0.01s Real=0.01s
[2020-03-10T13:23:40.484-0600][gc,start     ] GC(1) Pause Young (Concurrent Start) (Metadata GC Threshold)
[2020-03-10T13:23:40.484-0600][gc,task      ] GC(1) Using 8 workers of 8 for evacuation
[2020-03-10T13:23:40.489-0600][gc,phases    ] GC(1)   Pre Evacuate Collection Set: 0.0ms
[2020-03-10T13:23:40.489-0600][gc,phases    ] GC(1)   Evacuate Collection Set: 4.5ms
[2020-03-10T13:23:40.489-0600][gc,phases    ] GC(1)   Post Evacuate Collection Set: 0.3ms
[2020-03-10T13:23:40.489-0600][gc,phases    ] GC(1)   Other: 0.2ms
[2020-03-10T13:23:40.489-0600][gc,heap      ] GC(1) Eden regions: 21->0(49)
[2020-03-10T13:23:40.489-0600][gc,heap      ] GC(1) Survivor regions: 7->2(7)
[2020-03-10T13:23:40.489-0600][gc,heap      ] GC(1) Old regions: 0->7
[2020-03-10T13:23:40.489-0600][gc,heap      ] GC(1) Humongous regions: 129->129
[2020-03-10T13:23:40.489-0600][gc,metaspace ] GC(1) Metaspace: 20547K->20547K(1067008K)
[2020-03-10T13:23:40.489-0600][gc           ] GC(1) Pause Young (Concurrent Start) (Metadata GC Threshold) 155M->137M(1024M) 5.084ms
[2020-03-10T13:23:40.489-0600][gc,cpu       ] GC(1) User=0.01s Sys=0.01s Real=0.00s
[2020-03-10T13:23:40.489-0600][gc           ] GC(2) Concurrent Cycle
[2020-03-10T13:23:40.489-0600][gc,marking   ] GC(2) Concurrent Clear Claimed Marks
[2020-03-10T13:23:40.489-0600][gc,marking   ] GC(2) Concurrent Clear Claimed Marks 0.012ms
[2020-03-10T13:23:40.489-0600][gc,marking   ] GC(2) Concurrent Scan Root Regions
[2020-03-10T13:23:40.490-0600][gc,marking   ] GC(2) Concurrent Scan Root Regions 0.635ms
[2020-03-10T13:23:40.490-0600][gc,marking   ] GC(2) Concurrent Mark (1.005s)
[2020-03-10T13:23:40.490-0600][gc,marking   ] GC(2) Concurrent Mark From Roots
[2020-03-10T13:23:40.490-0600][gc,task      ] GC(2) Using 2 workers of 2 for marking
[2020-03-10T13:23:40.497-0600][gc,marking   ] GC(2) Concurrent Mark From Roots 6.481ms
[2020-03-10T13:23:40.497-0600][gc,marking   ] GC(2) Concurrent Preclean
[2020-03-10T13:23:40.497-0600][gc,marking   ] GC(2) Concurrent Preclean 0.311ms
[2020-03-10T13:23:40.497-0600][gc,marking   ] GC(2) Concurrent Mark (1.005s, 1.012s) 6.825ms
[2020-03-10T13:23:40.497-0600][gc,start     ] GC(2) Pause Remark
[2020-03-10T13:23:40.498-0600][gc,stringtable] GC(2) Cleaned string and symbol table, strings: 9167 processed, 0 removed, symbols: 50246 processed, 50 removed
[2020-03-10T13:23:40.498-0600][gc            ] GC(2) Pause Remark 139M->139M(1024M) 1.072ms
[2020-03-10T13:23:40.498-0600][gc,cpu        ] GC(2) User=0.01s Sys=0.00s Real=0.00s
[2020-03-10T13:23:40.498-0600][gc,marking    ] GC(2) Concurrent Rebuild Remembered Sets
[2020-03-10T13:23:40.501-0600][gc,marking    ] GC(2) Concurrent Rebuild Remembered Sets 2.854ms
[2020-03-10T13:23:40.501-0600][gc,start      ] GC(2) Pause Cleanup
[2020-03-10T13:23:40.501-0600][gc            ] GC(2) Pause Cleanup 139M->139M(1024M) 0.101ms
[2020-03-10T13:23:40.501-0600][gc,cpu        ] GC(2) User=0.00s Sys=0.00s Real=0.00s
[2020-03-10T13:23:40.501-0600][gc,marking    ] GC(2) Concurrent Cleanup for Next Mark
[2020-03-10T13:23:40.504-0600][gc,marking    ] GC(2) Concurrent Cleanup for Next Mark 2.977ms
[2020-03-10T13:23:40.504-0600][gc            ] GC(2) Concurrent Cycle 14.910ms
[2020-03-10T13:23:40.881-0600][gc,start      ] GC(3) Pause Young (Concurrent Start) (G1 Evacuation Pause)
[2020-03-10T13:23:40.881-0600][gc,task       ] GC(3) Using 8 workers of 8 for evacuation
[2020-03-10T13:23:40.886-0600][gc,phases     ] GC(3)   Pre Evacuate Collection Set: 0.1ms
[2020-03-10T13:23:40.886-0600][gc,phases     ] GC(3)   Evacuate Collection Set: 4.1ms
[2020-03-10T13:23:40.886-0600][gc,phases     ] GC(3)   Post Evacuate Collection Set: 0.3ms
[2020-03-10T13:23:40.886-0600][gc,phases     ] GC(3)   Other: 0.2ms
[2020-03-10T13:23:40.886-0600][gc,heap       ] GC(3) Eden regions: 49->0(46)
[2020-03-10T13:23:40.886-0600][gc,heap       ] GC(3) Survivor regions: 2->5(7)
[2020-03-10T13:23:40.886-0600][gc,heap       ] GC(3) Old regions: 7->7
[2020-03-10T13:23:40.886-0600][gc,heap       ] GC(3) Humongous regions: 129->129
[2020-03-10T13:23:40.886-0600][gc,metaspace  ] GC(3) Metaspace: 30072K->30072K(1077248K)
[2020-03-10T13:23:40.886-0600][gc            ] GC(3) Pause Young (Concurrent Start) (G1 Evacuation Pause) 186M->140M(1024M) 4.745ms
[2020-03-10T13:23:40.886-0600][gc,cpu        ] GC(3) User=0.03s Sys=0.00s Real=0.00s
[2020-03-10T13:23:40.886-0600][gc            ] GC(4) Concurrent Cycle
[2020-03-10T13:23:40.886-0600][gc,marking    ] GC(4) Concurrent Clear Claimed Marks
[2020-03-10T13:23:40.886-0600][gc,marking    ] GC(4) Concurrent Clear Claimed Marks 0.037ms
[2020-03-10T13:23:40.886-0600][gc,marking    ] GC(4) Concurrent Scan Root Regions
[2020-03-10T13:23:40.889-0600][gc,marking    ] GC(4) Concurrent Scan Root Regions 3.081ms
[2020-03-10T13:23:40.889-0600][gc,marking    ] GC(4) Concurrent Mark (1.405s)
[2020-03-10T13:23:40.889-0600][gc,marking    ] GC(4) Concurrent Mark From Roots
[2020-03-10T13:23:40.889-0600][gc,task       ] GC(4) Using 2 workers of 2 for marking
[2020-03-10T13:23:40.896-0600][gc,marking    ] GC(4) Concurrent Mark From Roots 6.611ms
[2020-03-10T13:23:40.896-0600][gc,marking    ] GC(4) Concurrent Preclean
[2020-03-10T13:23:40.896-0600][gc,marking    ] GC(4) Concurrent Preclean 0.168ms
[2020-03-10T13:23:40.896-0600][gc,marking    ] GC(4) Concurrent Mark (1.405s, 1.412s) 6.827ms
[2020-03-10T13:23:40.897-0600][gc,start      ] GC(4) Pause Remark
[2020-03-10T13:23:40.900-0600][gc,stringtable] GC(4) Cleaned string and symbol table, strings: 14223 processed, 8 removed, symbols: 73296 processed, 25 removed
[2020-03-10T13:23:40.900-0600][gc            ] GC(4) Pause Remark 143M->143M(1024M) 2.403ms
[2020-03-10T13:23:40.900-0600][gc,cpu        ] GC(4) User=0.02s Sys=0.00s Real=0.00s
[2020-03-10T13:23:40.900-0600][gc,marking    ] GC(4) Concurrent Rebuild Remembered Sets
[2020-03-10T13:23:40.903-0600][gc,marking    ] GC(4) Concurrent Rebuild Remembered Sets 3.524ms
[2020-03-10T13:23:40.903-0600][gc,start      ] GC(4) Pause Cleanup
[2020-03-10T13:23:40.904-0600][gc            ] GC(4) Pause Cleanup 143M->143M(1024M) 0.122ms
[2020-03-10T13:23:40.904-0600][gc,cpu        ] GC(4) User=0.01s Sys=0.00s Real=0.00s
[2020-03-10T13:23:40.904-0600][gc,marking    ] GC(4) Concurrent Cleanup for Next Mark
[2020-03-10T13:23:40.907-0600][gc,marking    ] GC(4) Concurrent Cleanup for Next Mark 3.310ms
[2020-03-10T13:23:40.907-0600][gc            ] GC(4) Concurrent Cycle 20.673ms
[2020-03-10T13:44:58.061-0600][gc,start      ] GC(5) Pause Young (Normal) (G1 Evacuation Pause)
[2020-03-10T13:44:58.061-0600][gc,task       ] GC(5) Using 8 workers of 8 for evacuation
[2020-03-10T13:44:58.067-0600][gc,phases     ] GC(5)   Pre Evacuate Collection Set: 0.0ms
[2020-03-10T13:44:58.067-0600][gc,phases     ] GC(5)   Evacuate Collection Set: 5.7ms
[2020-03-10T13:44:58.067-0600][gc,phases     ] GC(5)   Post Evacuate Collection Set: 0.5ms
[2020-03-10T13:44:58.067-0600][gc,phases     ] GC(5)   Other: 0.2ms
[2020-03-10T13:44:58.067-0600][gc,heap       ] GC(5) Eden regions: 46->0(49)
[2020-03-10T13:44:58.067-0600][gc,heap       ] GC(5) Survivor regions: 5->2(7)
[2020-03-10T13:44:58.067-0600][gc,heap       ] GC(5) Old regions: 7->12
[2020-03-10T13:44:58.067-0600][gc,heap       ] GC(5) Humongous regions: 129->129
[2020-03-10T13:44:58.067-0600][gc,metaspace  ] GC(5) Metaspace: 36200K->36200K(1081344K)
[2020-03-10T13:44:58.067-0600][gc            ] GC(5) Pause Young (Normal) (G1 Evacuation Pause) 186M->142M(1024M) 6.530ms
[2020-03-10T13:44:58.068-0600][gc,cpu        ] GC(5) User=0.04s Sys=0.00s Real=0.01s
[2020-03-10T14:15:55.645-0600][gc,start      ] GC(6) Pause Young (Normal) (G1 Evacuation Pause)
[2020-03-10T14:15:55.645-0600][gc,task       ] GC(6) Using 8 workers of 8 for evacuation
[2020-03-10T14:15:55.649-0600][gc,phases     ] GC(6)   Pre Evacuate Collection Set: 0.0ms
[2020-03-10T14:15:55.649-0600][gc,phases     ] GC(6)   Evacuate Collection Set: 2.7ms
[2020-03-10T14:15:55.649-0600][gc,phases     ] GC(6)   Post Evacuate Collection Set: 0.8ms
[2020-03-10T14:15:55.649-0600][gc,phases     ] GC(6)   Other: 0.2ms
[2020-03-10T14:15:55.649-0600][gc,heap       ] GC(6) Eden regions: 49->0(48)
[2020-03-10T14:15:55.649-0600][gc,heap       ] GC(6) Survivor regions: 2->3(7)
[2020-03-10T14:15:55.649-0600][gc,heap       ] GC(6) Old regions: 12->12
[2020-03-10T14:15:55.649-0600][gc,heap       ] GC(6) Humongous regions: 129->129
[2020-03-10T14:15:55.649-0600][gc,metaspace  ] GC(6) Metaspace: 37945K->37945K(1083392K)
[2020-03-10T14:15:55.649-0600][gc            ] GC(6) Pause Young (Normal) (G1 Evacuation Pause) 191M->143M(1024M) 3.875ms
[2020-03-10T14:15:55.649-0600][gc,cpu        ] GC(6) User=0.02s Sys=0.00s Real=0.00s
